Archive member included because of file (symbol)

d:/phlimon/imt/imt materials/00- tools/imt_tools_x64/imt_sdk_win_64/winavr/bin/../lib/gcc/avr/4.3.3/avr5\libgcc.a(_udivmodhi4.o)
                              ./LCD_program.o (__udivmodhi4)
d:/phlimon/imt/imt materials/00- tools/imt_tools_x64/imt_sdk_win_64/winavr/bin/../lib/gcc/avr/4.3.3/avr5\libgcc.a(_exit.o)
                              d:/phlimon/imt/imt materials/00- tools/imt_tools_x64/imt_sdk_win_64/winavr/bin/../lib/gcc/avr/4.3.3/../../../../avr/lib/avr5/crtm32.o (exit)
d:/phlimon/imt/imt materials/00- tools/imt_tools_x64/imt_sdk_win_64/winavr/bin/../lib/gcc/avr/4.3.3/avr5\libgcc.a(_copy_data.o)
                              ./TEMP_program.o (__do_copy_data)
d:/phlimon/imt/imt materials/00- tools/imt_tools_x64/imt_sdk_win_64/winavr/bin/../lib/gcc/avr/4.3.3/avr5\libgcc.a(_clear_bss.o)
                              ./TEMP_program.o (__do_clear_bss)
d:/phlimon/imt/imt materials/00- tools/imt_tools_x64/imt_sdk_win_64/winavr/bin/../lib/gcc/avr/4.3.3/avr5\libgcc.a(_fixunssfsi.o)
                              ./LCD_program.o (__fixunssfsi)
d:/phlimon/imt/imt materials/00- tools/imt_tools_x64/imt_sdk_win_64/winavr/bin/../lib/gcc/avr/4.3.3/avr5\libgcc.a(_addsub_sf.o)
                              d:/phlimon/imt/imt materials/00- tools/imt_tools_x64/imt_sdk_win_64/winavr/bin/../lib/gcc/avr/4.3.3/avr5\libgcc.a(_fixunssfsi.o) (__subsf3)
d:/phlimon/imt/imt materials/00- tools/imt_tools_x64/imt_sdk_win_64/winavr/bin/../lib/gcc/avr/4.3.3/avr5\libgcc.a(_mul_sf.o)
                              ./LCD_program.o (__mulsf3)
d:/phlimon/imt/imt materials/00- tools/imt_tools_x64/imt_sdk_win_64/winavr/bin/../lib/gcc/avr/4.3.3/avr5\libgcc.a(_gt_sf.o)
                              ./LCD_program.o (__gtsf2)
d:/phlimon/imt/imt materials/00- tools/imt_tools_x64/imt_sdk_win_64/winavr/bin/../lib/gcc/avr/4.3.3/avr5\libgcc.a(_ge_sf.o)
                              d:/phlimon/imt/imt materials/00- tools/imt_tools_x64/imt_sdk_win_64/winavr/bin/../lib/gcc/avr/4.3.3/avr5\libgcc.a(_fixunssfsi.o) (__gesf2)
d:/phlimon/imt/imt materials/00- tools/imt_tools_x64/imt_sdk_win_64/winavr/bin/../lib/gcc/avr/4.3.3/avr5\libgcc.a(_lt_sf.o)
                              ./LCD_program.o (__ltsf2)
d:/phlimon/imt/imt materials/00- tools/imt_tools_x64/imt_sdk_win_64/winavr/bin/../lib/gcc/avr/4.3.3/avr5\libgcc.a(_sf_to_si.o)
                              d:/phlimon/imt/imt materials/00- tools/imt_tools_x64/imt_sdk_win_64/winavr/bin/../lib/gcc/avr/4.3.3/avr5\libgcc.a(_fixunssfsi.o) (__fixsfsi)
d:/phlimon/imt/imt materials/00- tools/imt_tools_x64/imt_sdk_win_64/winavr/bin/../lib/gcc/avr/4.3.3/avr5\libgcc.a(_thenan_sf.o)
                              d:/phlimon/imt/imt materials/00- tools/imt_tools_x64/imt_sdk_win_64/winavr/bin/../lib/gcc/avr/4.3.3/avr5\libgcc.a(_addsub_sf.o) (__thenan_sf)
d:/phlimon/imt/imt materials/00- tools/imt_tools_x64/imt_sdk_win_64/winavr/bin/../lib/gcc/avr/4.3.3/avr5\libgcc.a(_prologue.o)
                              d:/phlimon/imt/imt materials/00- tools/imt_tools_x64/imt_sdk_win_64/winavr/bin/../lib/gcc/avr/4.3.3/avr5\libgcc.a(_addsub_sf.o) (__prologue_saves__)
d:/phlimon/imt/imt materials/00- tools/imt_tools_x64/imt_sdk_win_64/winavr/bin/../lib/gcc/avr/4.3.3/avr5\libgcc.a(_epilogue.o)
                              d:/phlimon/imt/imt materials/00- tools/imt_tools_x64/imt_sdk_win_64/winavr/bin/../lib/gcc/avr/4.3.3/avr5\libgcc.a(_addsub_sf.o) (__epilogue_restores__)
d:/phlimon/imt/imt materials/00- tools/imt_tools_x64/imt_sdk_win_64/winavr/bin/../lib/gcc/avr/4.3.3/avr5\libgcc.a(_pack_sf.o)
                              d:/phlimon/imt/imt materials/00- tools/imt_tools_x64/imt_sdk_win_64/winavr/bin/../lib/gcc/avr/4.3.3/avr5\libgcc.a(_addsub_sf.o) (__pack_f)
d:/phlimon/imt/imt materials/00- tools/imt_tools_x64/imt_sdk_win_64/winavr/bin/../lib/gcc/avr/4.3.3/avr5\libgcc.a(_unpack_sf.o)
                              d:/phlimon/imt/imt materials/00- tools/imt_tools_x64/imt_sdk_win_64/winavr/bin/../lib/gcc/avr/4.3.3/avr5\libgcc.a(_addsub_sf.o) (__unpack_f)
d:/phlimon/imt/imt materials/00- tools/imt_tools_x64/imt_sdk_win_64/winavr/bin/../lib/gcc/avr/4.3.3/avr5\libgcc.a(_fpcmp_parts_sf.o)
                              d:/phlimon/imt/imt materials/00- tools/imt_tools_x64/imt_sdk_win_64/winavr/bin/../lib/gcc/avr/4.3.3/avr5\libgcc.a(_gt_sf.o) (__fpcmp_parts_f)
d:/phlimon/imt/imt materials/00- tools/imt_tools_x64/imt_sdk_win_64/winavr/bin/../lib/gcc/avr/4.3.3/../../../../avr/lib/avr5\libc.a(atoi.o)
                              ./main.o (atoi)
d:/phlimon/imt/imt materials/00- tools/imt_tools_x64/imt_sdk_win_64/winavr/bin/../lib/gcc/avr/4.3.3/../../../../avr/lib/avr5\libc.a(memcpy.o)
                              ./main.o (memcpy)
d:/phlimon/imt/imt materials/00- tools/imt_tools_x64/imt_sdk_win_64/winavr/bin/../lib/gcc/avr/4.3.3/../../../../avr/lib/avr5\libc.a(memmove.o)
                              ./main.o (memmove)
d:/phlimon/imt/imt materials/00- tools/imt_tools_x64/imt_sdk_win_64/winavr/bin/../lib/gcc/avr/4.3.3/../../../../avr/lib/avr5\libc.a(memset.o)
                              ./main.o (memset)
d:/phlimon/imt/imt materials/00- tools/imt_tools_x64/imt_sdk_win_64/winavr/bin/../lib/gcc/avr/4.3.3/../../../../avr/lib/avr5\libc.a(strlen.o)
                              ./main.o (strlen)
d:/phlimon/imt/imt materials/00- tools/imt_tools_x64/imt_sdk_win_64/winavr/bin/../lib/gcc/avr/4.3.3/../../../../avr/lib/avr5\libc.a(strncmp.o)
                              ./main.o (strncmp)
d:/phlimon/imt/imt materials/00- tools/imt_tools_x64/imt_sdk_win_64/winavr/bin/../lib/gcc/avr/4.3.3/../../../../avr/lib/avr5\libc.a(strncpy.o)
                              ./main.o (strncpy)
d:/phlimon/imt/imt materials/00- tools/imt_tools_x64/imt_sdk_win_64/winavr/bin/../lib/gcc/avr/4.3.3/../../../../avr/lib/avr5\libc.a(strstr.o)
                              ./main.o (strstr)
d:/phlimon/imt/imt materials/00- tools/imt_tools_x64/imt_sdk_win_64/winavr/bin/../lib/gcc/avr/4.3.3/../../../../avr/lib/avr5\libc.a(mul10.o)
                              d:/phlimon/imt/imt materials/00- tools/imt_tools_x64/imt_sdk_win_64/winavr/bin/../lib/gcc/avr/4.3.3/../../../../avr/lib/avr5\libc.a(atoi.o) (__mulhi_const_10)
d:/phlimon/imt/imt materials/00- tools/imt_tools_x64/imt_sdk_win_64/winavr/bin/../lib/gcc/avr/4.3.3/../../../../avr/lib/avr5\libc.a(sprintf.o)
                              ./main.o (sprintf)
d:/phlimon/imt/imt materials/00- tools/imt_tools_x64/imt_sdk_win_64/winavr/bin/../lib/gcc/avr/4.3.3/../../../../avr/lib/avr5\libc.a(vfprintf_std.o)
                              d:/phlimon/imt/imt materials/00- tools/imt_tools_x64/imt_sdk_win_64/winavr/bin/../lib/gcc/avr/4.3.3/../../../../avr/lib/avr5\libc.a(sprintf.o) (vfprintf)
d:/phlimon/imt/imt materials/00- tools/imt_tools_x64/imt_sdk_win_64/winavr/bin/../lib/gcc/avr/4.3.3/../../../../avr/lib/avr5\libc.a(strnlen_P.o)
                              d:/phlimon/imt/imt materials/00- tools/imt_tools_x64/imt_sdk_win_64/winavr/bin/../lib/gcc/avr/4.3.3/../../../../avr/lib/avr5\libc.a(vfprintf_std.o) (strnlen_P)
d:/phlimon/imt/imt materials/00- tools/imt_tools_x64/imt_sdk_win_64/winavr/bin/../lib/gcc/avr/4.3.3/../../../../avr/lib/avr5\libc.a(strnlen.o)
                              d:/phlimon/imt/imt materials/00- tools/imt_tools_x64/imt_sdk_win_64/winavr/bin/../lib/gcc/avr/4.3.3/../../../../avr/lib/avr5\libc.a(vfprintf_std.o) (strnlen)
d:/phlimon/imt/imt materials/00- tools/imt_tools_x64/imt_sdk_win_64/winavr/bin/../lib/gcc/avr/4.3.3/../../../../avr/lib/avr5\libc.a(fputc.o)
                              d:/phlimon/imt/imt materials/00- tools/imt_tools_x64/imt_sdk_win_64/winavr/bin/../lib/gcc/avr/4.3.3/../../../../avr/lib/avr5\libc.a(vfprintf_std.o) (fputc)
d:/phlimon/imt/imt materials/00- tools/imt_tools_x64/imt_sdk_win_64/winavr/bin/../lib/gcc/avr/4.3.3/../../../../avr/lib/avr5\libc.a(ultoa_invert.o)
                              d:/phlimon/imt/imt materials/00- tools/imt_tools_x64/imt_sdk_win_64/winavr/bin/../lib/gcc/avr/4.3.3/../../../../avr/lib/avr5\libc.a(vfprintf_std.o) (__ultoa_invert)

Allocating common symbols
Common symbol       size              file

RESPONSE_BUFFER     0xa0              ./main.o
Response_Status     0x1               ./main.o

Memory Configuration

Name             Origin             Length             Attributes
text             0x00000000         0x00020000         xr
data             0x00800060         0x0000ffa0         rw !x
eeprom           0x00810000         0x00010000         rw !x
fuse             0x00820000         0x00000400         rw !x
lock             0x00830000         0x00000400         rw !x
signature        0x00840000         0x00000400         rw !x
*default*        0x00000000         0xffffffff

Linker script and memory map

LOAD d:/phlimon/imt/imt materials/00- tools/imt_tools_x64/imt_sdk_win_64/winavr/bin/../lib/gcc/avr/4.3.3/../../../../avr/lib/avr5/crtm32.o
LOAD ./ADC_program.o
LOAD ./DIO_program.o
LOAD ./LCD_program.o
LOAD ./TEMP_program.o
LOAD ./USART_Program.o
LOAD ./main.o
LOAD d:/phlimon/imt/imt materials/00- tools/imt_tools_x64/imt_sdk_win_64/winavr/bin/../lib/gcc/avr/4.3.3/avr5\libgcc.a
LOAD d:/phlimon/imt/imt materials/00- tools/imt_tools_x64/imt_sdk_win_64/winavr/bin/../lib/gcc/avr/4.3.3/../../../../avr/lib/avr5\libc.a
LOAD d:/phlimon/imt/imt materials/00- tools/imt_tools_x64/imt_sdk_win_64/winavr/bin/../lib/gcc/avr/4.3.3/avr5\libgcc.a

.hash
 *(.hash)

.dynsym
 *(.dynsym)

.dynstr
 *(.dynstr)

.gnu.version
 *(.gnu.version)

.gnu.version_d
 *(.gnu.version_d)

.gnu.version_r
 *(.gnu.version_r)

.rel.init
 *(.rel.init)

.rela.init
 *(.rela.init)

.rel.text
 *(.rel.text)
 *(.rel.text.*)
 *(.rel.gnu.linkonce.t*)

.rela.text
 *(.rela.text)
 *(.rela.text.*)
 *(.rela.gnu.linkonce.t*)

.rel.fini
 *(.rel.fini)

.rela.fini
 *(.rela.fini)

.rel.rodata
 *(.rel.rodata)
 *(.rel.rodata.*)
 *(.rel.gnu.linkonce.r*)

.rela.rodata
 *(.rela.rodata)
 *(.rela.rodata.*)
 *(.rela.gnu.linkonce.r*)

.rel.data
 *(.rel.data)
 *(.rel.data.*)
 *(.rel.gnu.linkonce.d*)

.rela.data
 *(.rela.data)
 *(.rela.data.*)
 *(.rela.gnu.linkonce.d*)

.rel.ctors
 *(.rel.ctors)

.rela.ctors
 *(.rela.ctors)

.rel.dtors
 *(.rel.dtors)

.rela.dtors
 *(.rela.dtors)

.rel.got
 *(.rel.got)

.rela.got
 *(.rela.got)

.rel.bss
 *(.rel.bss)

.rela.bss
 *(.rela.bss)

.rel.plt
 *(.rel.plt)

.rela.plt
 *(.rela.plt)

.text           0x00000000     0x3684
 *(.vectors)
 .vectors       0x00000000       0x54 d:/phlimon/imt/imt materials/00- tools/imt_tools_x64/imt_sdk_win_64/winavr/bin/../lib/gcc/avr/4.3.3/../../../../avr/lib/avr5/crtm32.o
                0x00000000                __vectors
                0x00000000                __vector_default
 *(.vectors)
 *(.progmem.gcc*)
 *(.progmem*)
                0x00000054                . = ALIGN (0x2)
                0x00000054                __trampolines_start = .
 *(.trampolines)
 .trampolines   0x00000054        0x0 linker stubs
 *(.trampolines*)
                0x00000054                __trampolines_end = .
 *(.jumptables)
 *(.jumptables*)
 *(.lowtext)
 *(.lowtext*)
                0x00000054                __ctors_start = .
 *(.ctors)
                0x00000054                __ctors_end = .
                0x00000054                __dtors_start = .
 *(.dtors)
                0x00000054                __dtors_end = .
 SORT(*)(.ctors)
 SORT(*)(.dtors)
 *(.init0)
 .init0         0x00000054        0x0 d:/phlimon/imt/imt materials/00- tools/imt_tools_x64/imt_sdk_win_64/winavr/bin/../lib/gcc/avr/4.3.3/../../../../avr/lib/avr5/crtm32.o
                0x00000054                __init
 *(.init0)
 *(.init1)
 *(.init1)
 *(.init2)
 .init2         0x00000054        0xc d:/phlimon/imt/imt materials/00- tools/imt_tools_x64/imt_sdk_win_64/winavr/bin/../lib/gcc/avr/4.3.3/../../../../avr/lib/avr5/crtm32.o
 *(.init2)
 *(.init3)
 *(.init3)
 *(.init4)
 .init4         0x00000060       0x16 d:/phlimon/imt/imt materials/00- tools/imt_tools_x64/imt_sdk_win_64/winavr/bin/../lib/gcc/avr/4.3.3/avr5\libgcc.a(_copy_data.o)
                0x00000060                __do_copy_data
 .init4         0x00000076       0x10 d:/phlimon/imt/imt materials/00- tools/imt_tools_x64/imt_sdk_win_64/winavr/bin/../lib/gcc/avr/4.3.3/avr5\libgcc.a(_clear_bss.o)
                0x00000076                __do_clear_bss
 *(.init4)
 *(.init5)
 *(.init5)
 *(.init6)
 *(.init6)
 *(.init7)
 *(.init7)
 *(.init8)
 *(.init8)
 *(.init9)
 .init9         0x00000086        0x8 d:/phlimon/imt/imt materials/00- tools/imt_tools_x64/imt_sdk_win_64/winavr/bin/../lib/gcc/avr/4.3.3/../../../../avr/lib/avr5/crtm32.o
 *(.init9)
 *(.text)
 .text          0x0000008e        0x4 d:/phlimon/imt/imt materials/00- tools/imt_tools_x64/imt_sdk_win_64/winavr/bin/../lib/gcc/avr/4.3.3/../../../../avr/lib/avr5/crtm32.o
                0x0000008e                __vector_1
                0x0000008e                __vector_12
                0x0000008e                __bad_interrupt
                0x0000008e                __vector_6
                0x0000008e                __vector_3
                0x0000008e                __vector_11
                0x0000008e                __vector_17
                0x0000008e                __vector_19
                0x0000008e                __vector_7
                0x0000008e                __vector_5
                0x0000008e                __vector_4
                0x0000008e                __vector_9
                0x0000008e                __vector_2
                0x0000008e                __vector_15
                0x0000008e                __vector_8
                0x0000008e                __vector_14
                0x0000008e                __vector_10
                0x0000008e                __vector_16
                0x0000008e                __vector_18
                0x0000008e                __vector_20
 .text          0x00000092        0x0 ./ADC_program.o
 .text          0x00000092        0x0 ./DIO_program.o
 .text          0x00000092        0x0 ./LCD_program.o
 .text          0x00000092        0x0 ./TEMP_program.o
 .text          0x00000092        0x0 ./USART_Program.o
 .text          0x00000092        0x0 ./main.o
 .text          0x00000092        0x0 d:/phlimon/imt/imt materials/00- tools/imt_tools_x64/imt_sdk_win_64/winavr/bin/../lib/gcc/avr/4.3.3/avr5\libgcc.a(_udivmodhi4.o)
 .text          0x00000092        0x0 d:/phlimon/imt/imt materials/00- tools/imt_tools_x64/imt_sdk_win_64/winavr/bin/../lib/gcc/avr/4.3.3/avr5\libgcc.a(_exit.o)
 .text          0x00000092        0x0 d:/phlimon/imt/imt materials/00- tools/imt_tools_x64/imt_sdk_win_64/winavr/bin/../lib/gcc/avr/4.3.3/avr5\libgcc.a(_copy_data.o)
 .text          0x00000092        0x0 d:/phlimon/imt/imt materials/00- tools/imt_tools_x64/imt_sdk_win_64/winavr/bin/../lib/gcc/avr/4.3.3/avr5\libgcc.a(_clear_bss.o)
 .text          0x00000092       0x58 d:/phlimon/imt/imt materials/00- tools/imt_tools_x64/imt_sdk_win_64/winavr/bin/../lib/gcc/avr/4.3.3/avr5\libgcc.a(_fixunssfsi.o)
                0x00000092                __fixunssfsi
 .text          0x000000ea      0x354 d:/phlimon/imt/imt materials/00- tools/imt_tools_x64/imt_sdk_win_64/winavr/bin/../lib/gcc/avr/4.3.3/avr5\libgcc.a(_addsub_sf.o)
                0x00000382                __subsf3
                0x000003e4                __addsf3
 .text          0x0000043e      0x1f4 d:/phlimon/imt/imt materials/00- tools/imt_tools_x64/imt_sdk_win_64/winavr/bin/../lib/gcc/avr/4.3.3/avr5\libgcc.a(_mul_sf.o)
                0x0000043e                __mulsf3
 .text          0x00000632       0x60 d:/phlimon/imt/imt materials/00- tools/imt_tools_x64/imt_sdk_win_64/winavr/bin/../lib/gcc/avr/4.3.3/avr5\libgcc.a(_gt_sf.o)
                0x00000632                __gtsf2
 .text          0x00000692       0x60 d:/phlimon/imt/imt materials/00- tools/imt_tools_x64/imt_sdk_win_64/winavr/bin/../lib/gcc/avr/4.3.3/avr5\libgcc.a(_ge_sf.o)
                0x00000692                __gesf2
 .text          0x000006f2       0x60 d:/phlimon/imt/imt materials/00- tools/imt_tools_x64/imt_sdk_win_64/winavr/bin/../lib/gcc/avr/4.3.3/avr5\libgcc.a(_lt_sf.o)
                0x000006f2                __ltsf2
 .text          0x00000752       0xa8 d:/phlimon/imt/imt materials/00- tools/imt_tools_x64/imt_sdk_win_64/winavr/bin/../lib/gcc/avr/4.3.3/avr5\libgcc.a(_sf_to_si.o)
                0x00000752                __fixsfsi
 .text          0x000007fa        0x0 d:/phlimon/imt/imt materials/00- tools/imt_tools_x64/imt_sdk_win_64/winavr/bin/../lib/gcc/avr/4.3.3/avr5\libgcc.a(_thenan_sf.o)
 .text          0x000007fa        0x0 d:/phlimon/imt/imt materials/00- tools/imt_tools_x64/imt_sdk_win_64/winavr/bin/../lib/gcc/avr/4.3.3/avr5\libgcc.a(_prologue.o)
 .text          0x000007fa        0x0 d:/phlimon/imt/imt materials/00- tools/imt_tools_x64/imt_sdk_win_64/winavr/bin/../lib/gcc/avr/4.3.3/avr5\libgcc.a(_epilogue.o)
 .text          0x000007fa      0x1aa d:/phlimon/imt/imt materials/00- tools/imt_tools_x64/imt_sdk_win_64/winavr/bin/../lib/gcc/avr/4.3.3/avr5\libgcc.a(_pack_sf.o)
                0x000007fa                __pack_f
 .text          0x000009a4       0xf0 d:/phlimon/imt/imt materials/00- tools/imt_tools_x64/imt_sdk_win_64/winavr/bin/../lib/gcc/avr/4.3.3/avr5\libgcc.a(_unpack_sf.o)
                0x000009a4                __unpack_f
 .text          0x00000a94       0xb2 d:/phlimon/imt/imt materials/00- tools/imt_tools_x64/imt_sdk_win_64/winavr/bin/../lib/gcc/avr/4.3.3/avr5\libgcc.a(_fpcmp_parts_sf.o)
                0x00000a94                __fpcmp_parts_f
 .text          0x00000b46        0x0 d:/phlimon/imt/imt materials/00- tools/imt_tools_x64/imt_sdk_win_64/winavr/bin/../lib/gcc/avr/4.3.3/../../../../avr/lib/avr5\libc.a(atoi.o)
 .text          0x00000b46        0x0 d:/phlimon/imt/imt materials/00- tools/imt_tools_x64/imt_sdk_win_64/winavr/bin/../lib/gcc/avr/4.3.3/../../../../avr/lib/avr5\libc.a(memcpy.o)
 .text          0x00000b46        0x0 d:/phlimon/imt/imt materials/00- tools/imt_tools_x64/imt_sdk_win_64/winavr/bin/../lib/gcc/avr/4.3.3/../../../../avr/lib/avr5\libc.a(memmove.o)
 .text          0x00000b46        0x0 d:/phlimon/imt/imt materials/00- tools/imt_tools_x64/imt_sdk_win_64/winavr/bin/../lib/gcc/avr/4.3.3/../../../../avr/lib/avr5\libc.a(memset.o)
 .text          0x00000b46        0x0 d:/phlimon/imt/imt materials/00- tools/imt_tools_x64/imt_sdk_win_64/winavr/bin/../lib/gcc/avr/4.3.3/../../../../avr/lib/avr5\libc.a(strlen.o)
 .text          0x00000b46        0x0 d:/phlimon/imt/imt materials/00- tools/imt_tools_x64/imt_sdk_win_64/winavr/bin/../lib/gcc/avr/4.3.3/../../../../avr/lib/avr5\libc.a(strncmp.o)
 .text          0x00000b46        0x0 d:/phlimon/imt/imt materials/00- tools/imt_tools_x64/imt_sdk_win_64/winavr/bin/../lib/gcc/avr/4.3.3/../../../../avr/lib/avr5\libc.a(strncpy.o)
 .text          0x00000b46        0x0 d:/phlimon/imt/imt materials/00- tools/imt_tools_x64/imt_sdk_win_64/winavr/bin/../lib/gcc/avr/4.3.3/../../../../avr/lib/avr5\libc.a(strstr.o)
 .text          0x00000b46        0x0 d:/phlimon/imt/imt materials/00- tools/imt_tools_x64/imt_sdk_win_64/winavr/bin/../lib/gcc/avr/4.3.3/../../../../avr/lib/avr5\libc.a(mul10.o)
 .text          0x00000b46        0x0 d:/phlimon/imt/imt materials/00- tools/imt_tools_x64/imt_sdk_win_64/winavr/bin/../lib/gcc/avr/4.3.3/../../../../avr/lib/avr5\libc.a(sprintf.o)
 .text          0x00000b46        0x0 d:/phlimon/imt/imt materials/00- tools/imt_tools_x64/imt_sdk_win_64/winavr/bin/../lib/gcc/avr/4.3.3/../../../../avr/lib/avr5\libc.a(vfprintf_std.o)
 .text          0x00000b46        0x0 d:/phlimon/imt/imt materials/00- tools/imt_tools_x64/imt_sdk_win_64/winavr/bin/../lib/gcc/avr/4.3.3/../../../../avr/lib/avr5\libc.a(strnlen_P.o)
 .text          0x00000b46        0x0 d:/phlimon/imt/imt materials/00- tools/imt_tools_x64/imt_sdk_win_64/winavr/bin/../lib/gcc/avr/4.3.3/../../../../avr/lib/avr5\libc.a(strnlen.o)
 .text          0x00000b46        0x0 d:/phlimon/imt/imt materials/00- tools/imt_tools_x64/imt_sdk_win_64/winavr/bin/../lib/gcc/avr/4.3.3/../../../../avr/lib/avr5\libc.a(fputc.o)
 .text          0x00000b46        0x0 d:/phlimon/imt/imt materials/00- tools/imt_tools_x64/imt_sdk_win_64/winavr/bin/../lib/gcc/avr/4.3.3/../../../../avr/lib/avr5\libc.a(ultoa_invert.o)
                0x00000b46                . = ALIGN (0x2)
 *(.text.*)
 .text.ADC_voidIntialization
                0x00000b46       0x7e ./ADC_program.o
                0x00000b46                ADC_voidIntialization
 .text.ADC_u8GetADCBlocking
                0x00000bc4       0x94 ./ADC_program.o
                0x00000bc4                ADC_u8GetADCBlocking
 .text.DIO_u8SetPortDirection
                0x00000c58       0x90 ./DIO_program.o
                0x00000c58                DIO_u8SetPortDirection
 .text.DIO_u8SetPortValue
                0x00000ce8       0x90 ./DIO_program.o
                0x00000ce8                DIO_u8SetPortValue
 .text.DIO_u8SetPinDirection
                0x00000d78      0x1a0 ./DIO_program.o
                0x00000d78                DIO_u8SetPinDirection
 .text.DIO_u8SetPinValue
                0x00000f18      0x1a0 ./DIO_program.o
                0x00000f18                DIO_u8SetPinValue
 .text.DIO_u8GetPortValue
                0x000010b8       0xb0 ./DIO_program.o
                0x000010b8                DIO_u8GetPortValue
 .text.DIO_u8GetPinValue
                0x00001168      0x130 ./DIO_program.o
                0x00001168                DIO_u8GetPinValue
 .text.LCD_voidControlState
                0x00001298       0x34 ./LCD_program.o
                0x00001298                LCD_voidControlState
 .text.LCD_voidWriteCommand
                0x000012cc      0x146 ./LCD_program.o
                0x000012cc                LCD_voidWriteCommand
 .text.LCD_voidWriteData
                0x00001412      0x146 ./LCD_program.o
                0x00001412                LCD_voidWriteData
 .text.LCD_voidIntialization
                0x00001558      0x3c8 ./LCD_program.o
                0x00001558                LCD_voidIntialization
 .text.LCD_u8WriteString
                0x00001920       0x48 ./LCD_program.o
                0x00001920                LCD_u8WriteString
 .text.LCD_u8GoToXY
                0x00001968       0x44 ./LCD_program.o
                0x00001968                LCD_u8GoToXY
 .text.LCD_u8WriteSpecialChar
                0x000019ac       0x48 ./LCD_program.o
                0x000019ac                LCD_u8WriteSpecialChar
 .text.LCD_voidWriteINT
                0x000019f4      0x2ac ./LCD_program.o
                0x000019f4                LCD_voidWriteINT
 .text.LCD_voidClear
                0x00001ca0      0x110 ./LCD_program.o
                0x00001ca0                LCD_voidClear
 .text.TEMPREATURE
                0x00001db0       0x88 ./TEMP_program.o
                0x00001db0                TEMPREATURE
 .text.TempLCDPrint
                0x00001e38       0x7a ./TEMP_program.o
                0x00001e38                TempLCDPrint
 .text.USART_voidIntialization
                0x00001eb2       0xb2 ./USART_Program.o
                0x00001eb2                USART_voidIntialization
 .text.USART_u8SendChar
                0x00001f64       0x36 ./USART_Program.o
                0x00001f64                USART_u8SendChar
 .text.USART_u8ReceiveChar
                0x00001f9a       0x1e ./USART_Program.o
                0x00001f9a                USART_u8ReceiveChar
 .text.USART_u8SendString
                0x00001fb8       0x52 ./USART_Program.o
                0x00001fb8                USART_u8SendString
 .text.USART_u8ReciveString
                0x0000200a       0x56 ./USART_Program.o
                0x0000200a                USART_u8ReciveString
 .text.Read_Response
                0x00002060      0x3d6 ./main.o
                0x00002060                Read_Response
 .text.ESP8266_Clear
                0x00002436       0x2e ./main.o
                0x00002436                ESP8266_Clear
 .text.Start_Read_Response
                0x00002464       0x2e ./main.o
                0x00002464                Start_Read_Response
 .text.GetResponseBody
                0x00002492      0x10e ./main.o
                0x00002492                GetResponseBody
 .text.WaitForExpectedResponse
                0x000025a0       0x36 ./main.o
                0x000025a0                WaitForExpectedResponse
 .text.SendATandExpectResponse
                0x000025d6       0x3e ./main.o
                0x000025d6                SendATandExpectResponse
 .text.ESP8266_ApplicationMode
                0x00002614       0x82 ./main.o
                0x00002614                ESP8266_ApplicationMode
 .text.ESP8266_ConnectionMode
                0x00002696       0x82 ./main.o
                0x00002696                ESP8266_ConnectionMode
 .text.ESP8266_Begin
                0x00002718       0x52 ./main.o
                0x00002718                ESP8266_Begin
 .text.ESP8266_Close
                0x0000276a       0x1c ./main.o
                0x0000276a                ESP8266_Close
 .text.ESP8266_WIFIMode
                0x00002786       0x82 ./main.o
                0x00002786                ESP8266_WIFIMode
 .text.ESP8266_JoinAccessPoint
                0x00002808      0x13c ./main.o
                0x00002808                ESP8266_JoinAccessPoint
 .text.ESP8266_connected
                0x00002944       0x84 ./main.o
                0x00002944                ESP8266_connected
 .text.ESP8266_Start
                0x000029c8      0x17a ./main.o
                0x000029c8                ESP8266_Start
 .text.ESP8266_Send
                0x00002b42       0xbe ./main.o
                0x00002b42                ESP8266_Send
 .text.ESP8266_DataAvailable
                0x00002c00       0x26 ./main.o
                0x00002c00                ESP8266_DataAvailable
 .text.ESP8266_DataRead
                0x00002c26       0x4e ./main.o
                0x00002c26                ESP8266_DataRead
 .text.Read_Data
                0x00002c74      0x14a ./main.o
                0x00002c74                Read_Data
 .text.__vector_13
                0x00002dbe       0x9e ./main.o
                0x00002dbe                __vector_13
 .text.main     0x00002e5c      0x13c ./main.o
                0x00002e5c                main
 .text.libgcc   0x00002f98       0x28 d:/phlimon/imt/imt materials/00- tools/imt_tools_x64/imt_sdk_win_64/winavr/bin/../lib/gcc/avr/4.3.3/avr5\libgcc.a(_udivmodhi4.o)
                0x00002f98                __udivmodhi4
 .text.libgcc   0x00002fc0        0x0 d:/phlimon/imt/imt materials/00- tools/imt_tools_x64/imt_sdk_win_64/winavr/bin/../lib/gcc/avr/4.3.3/avr5\libgcc.a(_exit.o)
 .text.libgcc   0x00002fc0        0x0 d:/phlimon/imt/imt materials/00- tools/imt_tools_x64/imt_sdk_win_64/winavr/bin/../lib/gcc/avr/4.3.3/avr5\libgcc.a(_copy_data.o)
 .text.libgcc   0x00002fc0        0x0 d:/phlimon/imt/imt materials/00- tools/imt_tools_x64/imt_sdk_win_64/winavr/bin/../lib/gcc/avr/4.3.3/avr5\libgcc.a(_clear_bss.o)
 .text.libgcc   0x00002fc0       0x38 d:/phlimon/imt/imt materials/00- tools/imt_tools_x64/imt_sdk_win_64/winavr/bin/../lib/gcc/avr/4.3.3/avr5\libgcc.a(_prologue.o)
                0x00002fc0                __prologue_saves__
 .text.libgcc   0x00002ff8       0x36 d:/phlimon/imt/imt materials/00- tools/imt_tools_x64/imt_sdk_win_64/winavr/bin/../lib/gcc/avr/4.3.3/avr5\libgcc.a(_epilogue.o)
                0x00002ff8                __epilogue_restores__
 .text.avr-libc
                0x0000302e       0x3c d:/phlimon/imt/imt materials/00- tools/imt_tools_x64/imt_sdk_win_64/winavr/bin/../lib/gcc/avr/4.3.3/../../../../avr/lib/avr5\libc.a(atoi.o)
                0x0000302e                atoi
 .text.avr-libc
                0x0000306a       0x12 d:/phlimon/imt/imt materials/00- tools/imt_tools_x64/imt_sdk_win_64/winavr/bin/../lib/gcc/avr/4.3.3/../../../../avr/lib/avr5\libc.a(memcpy.o)
                0x0000306a                memcpy
 .text.avr-libc
                0x0000307c       0x24 d:/phlimon/imt/imt materials/00- tools/imt_tools_x64/imt_sdk_win_64/winavr/bin/../lib/gcc/avr/4.3.3/../../../../avr/lib/avr5\libc.a(memmove.o)
                0x0000307c                memmove
 .text.avr-libc
                0x000030a0        0xe d:/phlimon/imt/imt materials/00- tools/imt_tools_x64/imt_sdk_win_64/winavr/bin/../lib/gcc/avr/4.3.3/../../../../avr/lib/avr5\libc.a(memset.o)
                0x000030a0                memset
 .text.avr-libc
                0x000030ae       0x12 d:/phlimon/imt/imt materials/00- tools/imt_tools_x64/imt_sdk_win_64/winavr/bin/../lib/gcc/avr/4.3.3/../../../../avr/lib/avr5\libc.a(strlen.o)
                0x000030ae                strlen
 .text.avr-libc
                0x000030c0       0x1c d:/phlimon/imt/imt materials/00- tools/imt_tools_x64/imt_sdk_win_64/winavr/bin/../lib/gcc/avr/4.3.3/../../../../avr/lib/avr5\libc.a(strncmp.o)
                0x000030c0                strncmp
 .text.avr-libc
                0x000030dc       0x1e d:/phlimon/imt/imt materials/00- tools/imt_tools_x64/imt_sdk_win_64/winavr/bin/../lib/gcc/avr/4.3.3/../../../../avr/lib/avr5\libc.a(strncpy.o)
                0x000030dc                strncpy
 .text.avr-libc
                0x000030fa       0x34 d:/phlimon/imt/imt materials/00- tools/imt_tools_x64/imt_sdk_win_64/winavr/bin/../lib/gcc/avr/4.3.3/../../../../avr/lib/avr5\libc.a(strstr.o)
                0x000030fa                strstr
 .text.avr-libc
                0x0000312e       0x10 d:/phlimon/imt/imt materials/00- tools/imt_tools_x64/imt_sdk_win_64/winavr/bin/../lib/gcc/avr/4.3.3/../../../../avr/lib/avr5\libc.a(mul10.o)
                0x0000312e                __mulhi_const_10
 .text.avr-libc
                0x0000313e       0x48 d:/phlimon/imt/imt materials/00- tools/imt_tools_x64/imt_sdk_win_64/winavr/bin/../lib/gcc/avr/4.3.3/../../../../avr/lib/avr5\libc.a(sprintf.o)
                0x0000313e                sprintf
 .text.avr-libc
                0x00003186      0x3ba d:/phlimon/imt/imt materials/00- tools/imt_tools_x64/imt_sdk_win_64/winavr/bin/../lib/gcc/avr/4.3.3/../../../../avr/lib/avr5\libc.a(vfprintf_std.o)
                0x00003186                vfprintf
 .text.avr-libc
                0x00003540       0x16 d:/phlimon/imt/imt materials/00- tools/imt_tools_x64/imt_sdk_win_64/winavr/bin/../lib/gcc/avr/4.3.3/../../../../avr/lib/avr5\libc.a(strnlen_P.o)
                0x00003540                strnlen_P
 .text.avr-libc
                0x00003556       0x16 d:/phlimon/imt/imt materials/00- tools/imt_tools_x64/imt_sdk_win_64/winavr/bin/../lib/gcc/avr/4.3.3/../../../../avr/lib/avr5\libc.a(strnlen.o)
                0x00003556                strnlen
 .text.avr-libc
                0x0000356c       0x58 d:/phlimon/imt/imt materials/00- tools/imt_tools_x64/imt_sdk_win_64/winavr/bin/../lib/gcc/avr/4.3.3/../../../../avr/lib/avr5\libc.a(fputc.o)
                0x0000356c                fputc
 .text.avr-libc
                0x000035c4       0xbc d:/phlimon/imt/imt materials/00- tools/imt_tools_x64/imt_sdk_win_64/winavr/bin/../lib/gcc/avr/4.3.3/../../../../avr/lib/avr5\libc.a(ultoa_invert.o)
                0x000035c4                __ultoa_invert
                0x00003680                . = ALIGN (0x2)
 *(.fini9)
 .fini9         0x00003680        0x0 d:/phlimon/imt/imt materials/00- tools/imt_tools_x64/imt_sdk_win_64/winavr/bin/../lib/gcc/avr/4.3.3/avr5\libgcc.a(_exit.o)
                0x00003680                exit
                0x00003680                _exit
 *(.fini9)
 *(.fini8)
 *(.fini8)
 *(.fini7)
 *(.fini7)
 *(.fini6)
 *(.fini6)
 *(.fini5)
 *(.fini5)
 *(.fini4)
 *(.fini4)
 *(.fini3)
 *(.fini3)
 *(.fini2)
 *(.fini2)
 *(.fini1)
 *(.fini1)
 *(.fini0)
 .fini0         0x00003680        0x4 d:/phlimon/imt/imt materials/00- tools/imt_tools_x64/imt_sdk_win_64/winavr/bin/../lib/gcc/avr/4.3.3/avr5\libgcc.a(_exit.o)
 *(.fini0)
                0x00003684                _etext = .

.data           0x00800060      0x152 load address 0x00003684
                0x00800060                PROVIDE (__data_start, .)
 *(.data)
 .data          0x00800060        0x0 d:/phlimon/imt/imt materials/00- tools/imt_tools_x64/imt_sdk_win_64/winavr/bin/../lib/gcc/avr/4.3.3/../../../../avr/lib/avr5/crtm32.o
 .data          0x00800060        0x0 ./ADC_program.o
 .data          0x00800060        0x0 ./DIO_program.o
 .data          0x00800060        0x0 ./LCD_program.o
 .data          0x00800060        0xe ./TEMP_program.o
 .data          0x0080006e        0x0 ./USART_Program.o
 .data          0x0080006e      0x13c ./main.o
 .data          0x008001aa        0x0 d:/phlimon/imt/imt materials/00- tools/imt_tools_x64/imt_sdk_win_64/winavr/bin/../lib/gcc/avr/4.3.3/avr5\libgcc.a(_udivmodhi4.o)
 .data          0x008001aa        0x0 d:/phlimon/imt/imt materials/00- tools/imt_tools_x64/imt_sdk_win_64/winavr/bin/../lib/gcc/avr/4.3.3/avr5\libgcc.a(_exit.o)
 .data          0x008001aa        0x0 d:/phlimon/imt/imt materials/00- tools/imt_tools_x64/imt_sdk_win_64/winavr/bin/../lib/gcc/avr/4.3.3/avr5\libgcc.a(_copy_data.o)
 .data          0x008001aa        0x0 d:/phlimon/imt/imt materials/00- tools/imt_tools_x64/imt_sdk_win_64/winavr/bin/../lib/gcc/avr/4.3.3/avr5\libgcc.a(_clear_bss.o)
 .data          0x008001aa        0x0 d:/phlimon/imt/imt materials/00- tools/imt_tools_x64/imt_sdk_win_64/winavr/bin/../lib/gcc/avr/4.3.3/avr5\libgcc.a(_fixunssfsi.o)
 .data          0x008001aa        0x0 d:/phlimon/imt/imt materials/00- tools/imt_tools_x64/imt_sdk_win_64/winavr/bin/../lib/gcc/avr/4.3.3/avr5\libgcc.a(_addsub_sf.o)
 .data          0x008001aa        0x0 d:/phlimon/imt/imt materials/00- tools/imt_tools_x64/imt_sdk_win_64/winavr/bin/../lib/gcc/avr/4.3.3/avr5\libgcc.a(_mul_sf.o)
 .data          0x008001aa        0x0 d:/phlimon/imt/imt materials/00- tools/imt_tools_x64/imt_sdk_win_64/winavr/bin/../lib/gcc/avr/4.3.3/avr5\libgcc.a(_gt_sf.o)
 .data          0x008001aa        0x0 d:/phlimon/imt/imt materials/00- tools/imt_tools_x64/imt_sdk_win_64/winavr/bin/../lib/gcc/avr/4.3.3/avr5\libgcc.a(_ge_sf.o)
 .data          0x008001aa        0x0 d:/phlimon/imt/imt materials/00- tools/imt_tools_x64/imt_sdk_win_64/winavr/bin/../lib/gcc/avr/4.3.3/avr5\libgcc.a(_lt_sf.o)
 .data          0x008001aa        0x0 d:/phlimon/imt/imt materials/00- tools/imt_tools_x64/imt_sdk_win_64/winavr/bin/../lib/gcc/avr/4.3.3/avr5\libgcc.a(_sf_to_si.o)
 .data          0x008001aa        0x8 d:/phlimon/imt/imt materials/00- tools/imt_tools_x64/imt_sdk_win_64/winavr/bin/../lib/gcc/avr/4.3.3/avr5\libgcc.a(_thenan_sf.o)
                0x008001aa                __thenan_sf
 .data          0x008001b2        0x0 d:/phlimon/imt/imt materials/00- tools/imt_tools_x64/imt_sdk_win_64/winavr/bin/../lib/gcc/avr/4.3.3/avr5\libgcc.a(_prologue.o)
 .data          0x008001b2        0x0 d:/phlimon/imt/imt materials/00- tools/imt_tools_x64/imt_sdk_win_64/winavr/bin/../lib/gcc/avr/4.3.3/avr5\libgcc.a(_epilogue.o)
 .data          0x008001b2        0x0 d:/phlimon/imt/imt materials/00- tools/imt_tools_x64/imt_sdk_win_64/winavr/bin/../lib/gcc/avr/4.3.3/avr5\libgcc.a(_pack_sf.o)
 .data          0x008001b2        0x0 d:/phlimon/imt/imt materials/00- tools/imt_tools_x64/imt_sdk_win_64/winavr/bin/../lib/gcc/avr/4.3.3/avr5\libgcc.a(_unpack_sf.o)
 .data          0x008001b2        0x0 d:/phlimon/imt/imt materials/00- tools/imt_tools_x64/imt_sdk_win_64/winavr/bin/../lib/gcc/avr/4.3.3/avr5\libgcc.a(_fpcmp_parts_sf.o)
 .data          0x008001b2        0x0 d:/phlimon/imt/imt materials/00- tools/imt_tools_x64/imt_sdk_win_64/winavr/bin/../lib/gcc/avr/4.3.3/../../../../avr/lib/avr5\libc.a(atoi.o)
 .data          0x008001b2        0x0 d:/phlimon/imt/imt materials/00- tools/imt_tools_x64/imt_sdk_win_64/winavr/bin/../lib/gcc/avr/4.3.3/../../../../avr/lib/avr5\libc.a(memcpy.o)
 .data          0x008001b2        0x0 d:/phlimon/imt/imt materials/00- tools/imt_tools_x64/imt_sdk_win_64/winavr/bin/../lib/gcc/avr/4.3.3/../../../../avr/lib/avr5\libc.a(memmove.o)
 .data          0x008001b2        0x0 d:/phlimon/imt/imt materials/00- tools/imt_tools_x64/imt_sdk_win_64/winavr/bin/../lib/gcc/avr/4.3.3/../../../../avr/lib/avr5\libc.a(memset.o)
 .data          0x008001b2        0x0 d:/phlimon/imt/imt materials/00- tools/imt_tools_x64/imt_sdk_win_64/winavr/bin/../lib/gcc/avr/4.3.3/../../../../avr/lib/avr5\libc.a(strlen.o)
 .data          0x008001b2        0x0 d:/phlimon/imt/imt materials/00- tools/imt_tools_x64/imt_sdk_win_64/winavr/bin/../lib/gcc/avr/4.3.3/../../../../avr/lib/avr5\libc.a(strncmp.o)
 .data          0x008001b2        0x0 d:/phlimon/imt/imt materials/00- tools/imt_tools_x64/imt_sdk_win_64/winavr/bin/../lib/gcc/avr/4.3.3/../../../../avr/lib/avr5\libc.a(strncpy.o)
 .data          0x008001b2        0x0 d:/phlimon/imt/imt materials/00- tools/imt_tools_x64/imt_sdk_win_64/winavr/bin/../lib/gcc/avr/4.3.3/../../../../avr/lib/avr5\libc.a(strstr.o)
 .data          0x008001b2        0x0 d:/phlimon/imt/imt materials/00- tools/imt_tools_x64/imt_sdk_win_64/winavr/bin/../lib/gcc/avr/4.3.3/../../../../avr/lib/avr5\libc.a(mul10.o)
 .data          0x008001b2        0x0 d:/phlimon/imt/imt materials/00- tools/imt_tools_x64/imt_sdk_win_64/winavr/bin/../lib/gcc/avr/4.3.3/../../../../avr/lib/avr5\libc.a(sprintf.o)
 .data          0x008001b2        0x0 d:/phlimon/imt/imt materials/00- tools/imt_tools_x64/imt_sdk_win_64/winavr/bin/../lib/gcc/avr/4.3.3/../../../../avr/lib/avr5\libc.a(vfprintf_std.o)
 .data          0x008001b2        0x0 d:/phlimon/imt/imt materials/00- tools/imt_tools_x64/imt_sdk_win_64/winavr/bin/../lib/gcc/avr/4.3.3/../../../../avr/lib/avr5\libc.a(strnlen_P.o)
 .data          0x008001b2        0x0 d:/phlimon/imt/imt materials/00- tools/imt_tools_x64/imt_sdk_win_64/winavr/bin/../lib/gcc/avr/4.3.3/../../../../avr/lib/avr5\libc.a(strnlen.o)
 .data          0x008001b2        0x0 d:/phlimon/imt/imt materials/00- tools/imt_tools_x64/imt_sdk_win_64/winavr/bin/../lib/gcc/avr/4.3.3/../../../../avr/lib/avr5\libc.a(fputc.o)
 .data          0x008001b2        0x0 d:/phlimon/imt/imt materials/00- tools/imt_tools_x64/imt_sdk_win_64/winavr/bin/../lib/gcc/avr/4.3.3/../../../../avr/lib/avr5\libc.a(ultoa_invert.o)
 *(.data*)
 *(.rodata)
 *(.rodata*)
 *(.gnu.linkonce.d*)
                0x008001b2                . = ALIGN (0x2)
                0x008001b2                _edata = .
                0x008001b2                PROVIDE (__data_end, .)

.bss            0x008001b2       0xab
                0x008001b2                PROVIDE (__bss_start, .)
 *(.bss)
 .bss           0x008001b2        0x0 d:/phlimon/imt/imt materials/00- tools/imt_tools_x64/imt_sdk_win_64/winavr/bin/../lib/gcc/avr/4.3.3/../../../../avr/lib/avr5/crtm32.o
 .bss           0x008001b2        0x0 ./ADC_program.o
 .bss           0x008001b2        0x0 ./DIO_program.o
 .bss           0x008001b2        0x0 ./LCD_program.o
 .bss           0x008001b2        0x0 ./TEMP_program.o
 .bss           0x008001b2        0x0 ./USART_Program.o
 .bss           0x008001b2        0x0 ./main.o
 .bss           0x008001b2        0x0 d:/phlimon/imt/imt materials/00- tools/imt_tools_x64/imt_sdk_win_64/winavr/bin/../lib/gcc/avr/4.3.3/avr5\libgcc.a(_udivmodhi4.o)
 .bss           0x008001b2        0x0 d:/phlimon/imt/imt materials/00- tools/imt_tools_x64/imt_sdk_win_64/winavr/bin/../lib/gcc/avr/4.3.3/avr5\libgcc.a(_exit.o)
 .bss           0x008001b2        0x0 d:/phlimon/imt/imt materials/00- tools/imt_tools_x64/imt_sdk_win_64/winavr/bin/../lib/gcc/avr/4.3.3/avr5\libgcc.a(_copy_data.o)
 .bss           0x008001b2        0x0 d:/phlimon/imt/imt materials/00- tools/imt_tools_x64/imt_sdk_win_64/winavr/bin/../lib/gcc/avr/4.3.3/avr5\libgcc.a(_clear_bss.o)
 .bss           0x008001b2        0x0 d:/phlimon/imt/imt materials/00- tools/imt_tools_x64/imt_sdk_win_64/winavr/bin/../lib/gcc/avr/4.3.3/avr5\libgcc.a(_fixunssfsi.o)
 .bss           0x008001b2        0x0 d:/phlimon/imt/imt materials/00- tools/imt_tools_x64/imt_sdk_win_64/winavr/bin/../lib/gcc/avr/4.3.3/avr5\libgcc.a(_addsub_sf.o)
 .bss           0x008001b2        0x0 d:/phlimon/imt/imt materials/00- tools/imt_tools_x64/imt_sdk_win_64/winavr/bin/../lib/gcc/avr/4.3.3/avr5\libgcc.a(_mul_sf.o)
 .bss           0x008001b2        0x0 d:/phlimon/imt/imt materials/00- tools/imt_tools_x64/imt_sdk_win_64/winavr/bin/../lib/gcc/avr/4.3.3/avr5\libgcc.a(_gt_sf.o)
 .bss           0x008001b2        0x0 d:/phlimon/imt/imt materials/00- tools/imt_tools_x64/imt_sdk_win_64/winavr/bin/../lib/gcc/avr/4.3.3/avr5\libgcc.a(_ge_sf.o)
 .bss           0x008001b2        0x0 d:/phlimon/imt/imt materials/00- tools/imt_tools_x64/imt_sdk_win_64/winavr/bin/../lib/gcc/avr/4.3.3/avr5\libgcc.a(_lt_sf.o)
 .bss           0x008001b2        0x0 d:/phlimon/imt/imt materials/00- tools/imt_tools_x64/imt_sdk_win_64/winavr/bin/../lib/gcc/avr/4.3.3/avr5\libgcc.a(_sf_to_si.o)
 .bss           0x008001b2        0x0 d:/phlimon/imt/imt materials/00- tools/imt_tools_x64/imt_sdk_win_64/winavr/bin/../lib/gcc/avr/4.3.3/avr5\libgcc.a(_thenan_sf.o)
 .bss           0x008001b2        0x0 d:/phlimon/imt/imt materials/00- tools/imt_tools_x64/imt_sdk_win_64/winavr/bin/../lib/gcc/avr/4.3.3/avr5\libgcc.a(_prologue.o)
 .bss           0x008001b2        0x0 d:/phlimon/imt/imt materials/00- tools/imt_tools_x64/imt_sdk_win_64/winavr/bin/../lib/gcc/avr/4.3.3/avr5\libgcc.a(_epilogue.o)
 .bss           0x008001b2        0x0 d:/phlimon/imt/imt materials/00- tools/imt_tools_x64/imt_sdk_win_64/winavr/bin/../lib/gcc/avr/4.3.3/avr5\libgcc.a(_pack_sf.o)
 .bss           0x008001b2        0x0 d:/phlimon/imt/imt materials/00- tools/imt_tools_x64/imt_sdk_win_64/winavr/bin/../lib/gcc/avr/4.3.3/avr5\libgcc.a(_unpack_sf.o)
 .bss           0x008001b2        0x0 d:/phlimon/imt/imt materials/00- tools/imt_tools_x64/imt_sdk_win_64/winavr/bin/../lib/gcc/avr/4.3.3/avr5\libgcc.a(_fpcmp_parts_sf.o)
 .bss           0x008001b2        0x0 d:/phlimon/imt/imt materials/00- tools/imt_tools_x64/imt_sdk_win_64/winavr/bin/../lib/gcc/avr/4.3.3/../../../../avr/lib/avr5\libc.a(atoi.o)
 .bss           0x008001b2        0x0 d:/phlimon/imt/imt materials/00- tools/imt_tools_x64/imt_sdk_win_64/winavr/bin/../lib/gcc/avr/4.3.3/../../../../avr/lib/avr5\libc.a(memcpy.o)
 .bss           0x008001b2        0x0 d:/phlimon/imt/imt materials/00- tools/imt_tools_x64/imt_sdk_win_64/winavr/bin/../lib/gcc/avr/4.3.3/../../../../avr/lib/avr5\libc.a(memmove.o)
 .bss           0x008001b2        0x0 d:/phlimon/imt/imt materials/00- tools/imt_tools_x64/imt_sdk_win_64/winavr/bin/../lib/gcc/avr/4.3.3/../../../../avr/lib/avr5\libc.a(memset.o)
 .bss           0x008001b2        0x0 d:/phlimon/imt/imt materials/00- tools/imt_tools_x64/imt_sdk_win_64/winavr/bin/../lib/gcc/avr/4.3.3/../../../../avr/lib/avr5\libc.a(strlen.o)
 .bss           0x008001b2        0x0 d:/phlimon/imt/imt materials/00- tools/imt_tools_x64/imt_sdk_win_64/winavr/bin/../lib/gcc/avr/4.3.3/../../../../avr/lib/avr5\libc.a(strncmp.o)
 .bss           0x008001b2        0x0 d:/phlimon/imt/imt materials/00- tools/imt_tools_x64/imt_sdk_win_64/winavr/bin/../lib/gcc/avr/4.3.3/../../../../avr/lib/avr5\libc.a(strncpy.o)
 .bss           0x008001b2        0x0 d:/phlimon/imt/imt materials/00- tools/imt_tools_x64/imt_sdk_win_64/winavr/bin/../lib/gcc/avr/4.3.3/../../../../avr/lib/avr5\libc.a(strstr.o)
 .bss           0x008001b2        0x0 d:/phlimon/imt/imt materials/00- tools/imt_tools_x64/imt_sdk_win_64/winavr/bin/../lib/gcc/avr/4.3.3/../../../../avr/lib/avr5\libc.a(mul10.o)
 .bss           0x008001b2        0x0 d:/phlimon/imt/imt materials/00- tools/imt_tools_x64/imt_sdk_win_64/winavr/bin/../lib/gcc/avr/4.3.3/../../../../avr/lib/avr5\libc.a(sprintf.o)
 .bss           0x008001b2        0x0 d:/phlimon/imt/imt materials/00- tools/imt_tools_x64/imt_sdk_win_64/winavr/bin/../lib/gcc/avr/4.3.3/../../../../avr/lib/avr5\libc.a(vfprintf_std.o)
 .bss           0x008001b2        0x0 d:/phlimon/imt/imt materials/00- tools/imt_tools_x64/imt_sdk_win_64/winavr/bin/../lib/gcc/avr/4.3.3/../../../../avr/lib/avr5\libc.a(strnlen_P.o)
 .bss           0x008001b2        0x0 d:/phlimon/imt/imt materials/00- tools/imt_tools_x64/imt_sdk_win_64/winavr/bin/../lib/gcc/avr/4.3.3/../../../../avr/lib/avr5\libc.a(strnlen.o)
 .bss           0x008001b2        0x0 d:/phlimon/imt/imt materials/00- tools/imt_tools_x64/imt_sdk_win_64/winavr/bin/../lib/gcc/avr/4.3.3/../../../../avr/lib/avr5\libc.a(fputc.o)
 .bss           0x008001b2        0x0 d:/phlimon/imt/imt materials/00- tools/imt_tools_x64/imt_sdk_win_64/winavr/bin/../lib/gcc/avr/4.3.3/../../../../avr/lib/avr5\libc.a(ultoa_invert.o)
 *(.bss*)
 .bss.Local_u16OldTemp.1321
                0x008001b2        0x2 ./TEMP_program.o
 .bss.Counter   0x008001b4        0x2 ./main.o
                0x008001b4                Counter
 .bss.pointer   0x008001b6        0x2 ./main.o
                0x008001b6                pointer
 .bss.TimeOut   0x008001b8        0x4 ./main.o
                0x008001b8                TimeOut
 *(COMMON)
 COMMON         0x008001bc       0xa1 ./main.o
                0x008001bc                RESPONSE_BUFFER
                0x0080025c                Response_Status
                0x0080025d                PROVIDE (__bss_end, .)
                0x00003684                __data_load_start = LOADADDR (.data)
                0x000037d6                __data_load_end = (__data_load_start + SIZEOF (.data))

.noinit         0x0080025d        0x0
                0x0080025d                PROVIDE (__noinit_start, .)
 *(.noinit*)
                0x0080025d                PROVIDE (__noinit_end, .)
                0x0080025d                _end = .
                0x0080025d                PROVIDE (__heap_start, .)

.eeprom         0x00810000        0x0
 *(.eeprom*)
                0x00810000                __eeprom_end = .

.fuse
 *(.fuse)
 *(.lfuse)
 *(.hfuse)
 *(.efuse)

.lock
 *(.lock*)

.signature
 *(.signature*)

.stab           0x00000000     0x2d78
 *(.stab)
 .stab          0x00000000      0x4a4 ./ADC_program.o
 .stab          0x000004a4      0x618 ./DIO_program.o
                                0x6a8 (size before relaxing)
 .stab          0x00000abc      0xc0c ./LCD_program.o
                                0xe34 (size before relaxing)
 .stab          0x000016c8      0x27c ./TEMP_program.o
                                0x4a4 (size before relaxing)
 .stab          0x00001944      0x3a8 ./USART_Program.o
                                0x5d0 (size before relaxing)
 .stab          0x00001cec     0x108c ./main.o
                               0x129c (size before relaxing)

.stabstr        0x00000000     0x1843
 *(.stabstr)
 .stabstr       0x00000000     0x1843 ./ADC_program.o

.stab.excl
 *(.stab.excl)

.stab.exclstr
 *(.stab.exclstr)

.stab.index
 *(.stab.index)

.stab.indexstr
 *(.stab.indexstr)

.comment
 *(.comment)

.debug
 *(.debug)

.line
 *(.line)

.debug_srcinfo
 *(.debug_srcinfo)

.debug_sfnames
 *(.debug_sfnames)

.debug_aranges  0x00000000      0x140
 *(.debug_aranges)
 .debug_aranges
                0x00000000       0x20 d:/phlimon/imt/imt materials/00- tools/imt_tools_x64/imt_sdk_win_64/winavr/bin/../lib/gcc/avr/4.3.3/avr5\libgcc.a(_fixunssfsi.o)
 .debug_aranges
                0x00000020       0x20 d:/phlimon/imt/imt materials/00- tools/imt_tools_x64/imt_sdk_win_64/winavr/bin/../lib/gcc/avr/4.3.3/avr5\libgcc.a(_addsub_sf.o)
 .debug_aranges
                0x00000040       0x20 d:/phlimon/imt/imt materials/00- tools/imt_tools_x64/imt_sdk_win_64/winavr/bin/../lib/gcc/avr/4.3.3/avr5\libgcc.a(_mul_sf.o)
 .debug_aranges
                0x00000060       0x20 d:/phlimon/imt/imt materials/00- tools/imt_tools_x64/imt_sdk_win_64/winavr/bin/../lib/gcc/avr/4.3.3/avr5\libgcc.a(_gt_sf.o)
 .debug_aranges
                0x00000080       0x20 d:/phlimon/imt/imt materials/00- tools/imt_tools_x64/imt_sdk_win_64/winavr/bin/../lib/gcc/avr/4.3.3/avr5\libgcc.a(_ge_sf.o)
 .debug_aranges
                0x000000a0       0x20 d:/phlimon/imt/imt materials/00- tools/imt_tools_x64/imt_sdk_win_64/winavr/bin/../lib/gcc/avr/4.3.3/avr5\libgcc.a(_lt_sf.o)
 .debug_aranges
                0x000000c0       0x20 d:/phlimon/imt/imt materials/00- tools/imt_tools_x64/imt_sdk_win_64/winavr/bin/../lib/gcc/avr/4.3.3/avr5\libgcc.a(_sf_to_si.o)
 .debug_aranges
                0x000000e0       0x20 d:/phlimon/imt/imt materials/00- tools/imt_tools_x64/imt_sdk_win_64/winavr/bin/../lib/gcc/avr/4.3.3/avr5\libgcc.a(_pack_sf.o)
 .debug_aranges
                0x00000100       0x20 d:/phlimon/imt/imt materials/00- tools/imt_tools_x64/imt_sdk_win_64/winavr/bin/../lib/gcc/avr/4.3.3/avr5\libgcc.a(_unpack_sf.o)
 .debug_aranges
                0x00000120       0x20 d:/phlimon/imt/imt materials/00- tools/imt_tools_x64/imt_sdk_win_64/winavr/bin/../lib/gcc/avr/4.3.3/avr5\libgcc.a(_fpcmp_parts_sf.o)

.debug_pubnames
                0x00000000      0x170
 *(.debug_pubnames)
 .debug_pubnames
                0x00000000       0x23 d:/phlimon/imt/imt materials/00- tools/imt_tools_x64/imt_sdk_win_64/winavr/bin/../lib/gcc/avr/4.3.3/avr5\libgcc.a(_fixunssfsi.o)
 .debug_pubnames
                0x00000023       0x2c d:/phlimon/imt/imt materials/00- tools/imt_tools_x64/imt_sdk_win_64/winavr/bin/../lib/gcc/avr/4.3.3/avr5\libgcc.a(_addsub_sf.o)
 .debug_pubnames
                0x0000004f       0x1f d:/phlimon/imt/imt materials/00- tools/imt_tools_x64/imt_sdk_win_64/winavr/bin/../lib/gcc/avr/4.3.3/avr5\libgcc.a(_mul_sf.o)
 .debug_pubnames
                0x0000006e       0x1e d:/phlimon/imt/imt materials/00- tools/imt_tools_x64/imt_sdk_win_64/winavr/bin/../lib/gcc/avr/4.3.3/avr5\libgcc.a(_gt_sf.o)
 .debug_pubnames
                0x0000008c       0x1e d:/phlimon/imt/imt materials/00- tools/imt_tools_x64/imt_sdk_win_64/winavr/bin/../lib/gcc/avr/4.3.3/avr5\libgcc.a(_ge_sf.o)
 .debug_pubnames
                0x000000aa       0x1e d:/phlimon/imt/imt materials/00- tools/imt_tools_x64/imt_sdk_win_64/winavr/bin/../lib/gcc/avr/4.3.3/avr5\libgcc.a(_lt_sf.o)
 .debug_pubnames
                0x000000c8       0x20 d:/phlimon/imt/imt materials/00- tools/imt_tools_x64/imt_sdk_win_64/winavr/bin/../lib/gcc/avr/4.3.3/avr5\libgcc.a(_sf_to_si.o)
 .debug_pubnames
                0x000000e8       0x22 d:/phlimon/imt/imt materials/00- tools/imt_tools_x64/imt_sdk_win_64/winavr/bin/../lib/gcc/avr/4.3.3/avr5\libgcc.a(_thenan_sf.o)
 .debug_pubnames
                0x0000010a       0x1f d:/phlimon/imt/imt materials/00- tools/imt_tools_x64/imt_sdk_win_64/winavr/bin/../lib/gcc/avr/4.3.3/avr5\libgcc.a(_pack_sf.o)
 .debug_pubnames
                0x00000129       0x21 d:/phlimon/imt/imt materials/00- tools/imt_tools_x64/imt_sdk_win_64/winavr/bin/../lib/gcc/avr/4.3.3/avr5\libgcc.a(_unpack_sf.o)
 .debug_pubnames
                0x0000014a       0x26 d:/phlimon/imt/imt materials/00- tools/imt_tools_x64/imt_sdk_win_64/winavr/bin/../lib/gcc/avr/4.3.3/avr5\libgcc.a(_fpcmp_parts_sf.o)

.debug_info     0x00000000     0x1c49
 *(.debug_info)
 .debug_info    0x00000000       0xb1 d:/phlimon/imt/imt materials/00- tools/imt_tools_x64/imt_sdk_win_64/winavr/bin/../lib/gcc/avr/4.3.3/avr5\libgcc.a(_fixunssfsi.o)
 .debug_info    0x000000b1      0x47a d:/phlimon/imt/imt materials/00- tools/imt_tools_x64/imt_sdk_win_64/winavr/bin/../lib/gcc/avr/4.3.3/avr5\libgcc.a(_addsub_sf.o)
 .debug_info    0x0000052b      0x485 d:/phlimon/imt/imt materials/00- tools/imt_tools_x64/imt_sdk_win_64/winavr/bin/../lib/gcc/avr/4.3.3/avr5\libgcc.a(_mul_sf.o)
 .debug_info    0x000009b0      0x27f d:/phlimon/imt/imt materials/00- tools/imt_tools_x64/imt_sdk_win_64/winavr/bin/../lib/gcc/avr/4.3.3/avr5\libgcc.a(_gt_sf.o)
 .debug_info    0x00000c2f      0x27f d:/phlimon/imt/imt materials/00- tools/imt_tools_x64/imt_sdk_win_64/winavr/bin/../lib/gcc/avr/4.3.3/avr5\libgcc.a(_ge_sf.o)
 .debug_info    0x00000eae      0x27f d:/phlimon/imt/imt materials/00- tools/imt_tools_x64/imt_sdk_win_64/winavr/bin/../lib/gcc/avr/4.3.3/avr5\libgcc.a(_lt_sf.o)
 .debug_info    0x0000112d      0x2b0 d:/phlimon/imt/imt materials/00- tools/imt_tools_x64/imt_sdk_win_64/winavr/bin/../lib/gcc/avr/4.3.3/avr5\libgcc.a(_sf_to_si.o)
 .debug_info    0x000013dd      0x12c d:/phlimon/imt/imt materials/00- tools/imt_tools_x64/imt_sdk_win_64/winavr/bin/../lib/gcc/avr/4.3.3/avr5\libgcc.a(_thenan_sf.o)
 .debug_info    0x00001509      0x2df d:/phlimon/imt/imt materials/00- tools/imt_tools_x64/imt_sdk_win_64/winavr/bin/../lib/gcc/avr/4.3.3/avr5\libgcc.a(_pack_sf.o)
 .debug_info    0x000017e8      0x251 d:/phlimon/imt/imt materials/00- tools/imt_tools_x64/imt_sdk_win_64/winavr/bin/../lib/gcc/avr/4.3.3/avr5\libgcc.a(_unpack_sf.o)
 .debug_info    0x00001a39      0x210 d:/phlimon/imt/imt materials/00- tools/imt_tools_x64/imt_sdk_win_64/winavr/bin/../lib/gcc/avr/4.3.3/avr5\libgcc.a(_fpcmp_parts_sf.o)
 *(.gnu.linkonce.wi.*)

.debug_abbrev   0x00000000      0xeeb
 *(.debug_abbrev)
 .debug_abbrev  0x00000000       0x5d d:/phlimon/imt/imt materials/00- tools/imt_tools_x64/imt_sdk_win_64/winavr/bin/../lib/gcc/avr/4.3.3/avr5\libgcc.a(_fixunssfsi.o)
 .debug_abbrev  0x0000005d      0x1ea d:/phlimon/imt/imt materials/00- tools/imt_tools_x64/imt_sdk_win_64/winavr/bin/../lib/gcc/avr/4.3.3/avr5\libgcc.a(_addsub_sf.o)
 .debug_abbrev  0x00000247      0x21b d:/phlimon/imt/imt materials/00- tools/imt_tools_x64/imt_sdk_win_64/winavr/bin/../lib/gcc/avr/4.3.3/avr5\libgcc.a(_mul_sf.o)
 .debug_abbrev  0x00000462      0x15a d:/phlimon/imt/imt materials/00- tools/imt_tools_x64/imt_sdk_win_64/winavr/bin/../lib/gcc/avr/4.3.3/avr5\libgcc.a(_gt_sf.o)
 .debug_abbrev  0x000005bc      0x15a d:/phlimon/imt/imt materials/00- tools/imt_tools_x64/imt_sdk_win_64/winavr/bin/../lib/gcc/avr/4.3.3/avr5\libgcc.a(_ge_sf.o)
 .debug_abbrev  0x00000716      0x15a d:/phlimon/imt/imt materials/00- tools/imt_tools_x64/imt_sdk_win_64/winavr/bin/../lib/gcc/avr/4.3.3/avr5\libgcc.a(_lt_sf.o)
 .debug_abbrev  0x00000870      0x17f d:/phlimon/imt/imt materials/00- tools/imt_tools_x64/imt_sdk_win_64/winavr/bin/../lib/gcc/avr/4.3.3/avr5\libgcc.a(_sf_to_si.o)
 .debug_abbrev  0x000009ef       0xad d:/phlimon/imt/imt materials/00- tools/imt_tools_x64/imt_sdk_win_64/winavr/bin/../lib/gcc/avr/4.3.3/avr5\libgcc.a(_thenan_sf.o)
 .debug_abbrev  0x00000a9c      0x1c0 d:/phlimon/imt/imt materials/00- tools/imt_tools_x64/imt_sdk_win_64/winavr/bin/../lib/gcc/avr/4.3.3/avr5\libgcc.a(_pack_sf.o)
 .debug_abbrev  0x00000c5c      0x154 d:/phlimon/imt/imt materials/00- tools/imt_tools_x64/imt_sdk_win_64/winavr/bin/../lib/gcc/avr/4.3.3/avr5\libgcc.a(_unpack_sf.o)
 .debug_abbrev  0x00000db0      0x13b d:/phlimon/imt/imt materials/00- tools/imt_tools_x64/imt_sdk_win_64/winavr/bin/../lib/gcc/avr/4.3.3/avr5\libgcc.a(_fpcmp_parts_sf.o)

.debug_line     0x00000000      0xdad
 *(.debug_line)
 .debug_line    0x00000000       0xa7 d:/phlimon/imt/imt materials/00- tools/imt_tools_x64/imt_sdk_win_64/winavr/bin/../lib/gcc/avr/4.3.3/avr5\libgcc.a(_fixunssfsi.o)
 .debug_line    0x000000a7      0x2af d:/phlimon/imt/imt materials/00- tools/imt_tools_x64/imt_sdk_win_64/winavr/bin/../lib/gcc/avr/4.3.3/avr5\libgcc.a(_addsub_sf.o)
 .debug_line    0x00000356      0x239 d:/phlimon/imt/imt materials/00- tools/imt_tools_x64/imt_sdk_win_64/winavr/bin/../lib/gcc/avr/4.3.3/avr5\libgcc.a(_mul_sf.o)
 .debug_line    0x0000058f       0xd3 d:/phlimon/imt/imt materials/00- tools/imt_tools_x64/imt_sdk_win_64/winavr/bin/../lib/gcc/avr/4.3.3/avr5\libgcc.a(_gt_sf.o)
 .debug_line    0x00000662       0xd3 d:/phlimon/imt/imt materials/00- tools/imt_tools_x64/imt_sdk_win_64/winavr/bin/../lib/gcc/avr/4.3.3/avr5\libgcc.a(_ge_sf.o)
 .debug_line    0x00000735       0xd3 d:/phlimon/imt/imt materials/00- tools/imt_tools_x64/imt_sdk_win_64/winavr/bin/../lib/gcc/avr/4.3.3/avr5\libgcc.a(_lt_sf.o)
 .debug_line    0x00000808      0x109 d:/phlimon/imt/imt materials/00- tools/imt_tools_x64/imt_sdk_win_64/winavr/bin/../lib/gcc/avr/4.3.3/avr5\libgcc.a(_sf_to_si.o)
 .debug_line    0x00000911       0x90 d:/phlimon/imt/imt materials/00- tools/imt_tools_x64/imt_sdk_win_64/winavr/bin/../lib/gcc/avr/4.3.3/avr5\libgcc.a(_thenan_sf.o)
 .debug_line    0x000009a1      0x18a d:/phlimon/imt/imt materials/00- tools/imt_tools_x64/imt_sdk_win_64/winavr/bin/../lib/gcc/avr/4.3.3/avr5\libgcc.a(_pack_sf.o)
 .debug_line    0x00000b2b      0x14b d:/phlimon/imt/imt materials/00- tools/imt_tools_x64/imt_sdk_win_64/winavr/bin/../lib/gcc/avr/4.3.3/avr5\libgcc.a(_unpack_sf.o)
 .debug_line    0x00000c76      0x137 d:/phlimon/imt/imt materials/00- tools/imt_tools_x64/imt_sdk_win_64/winavr/bin/../lib/gcc/avr/4.3.3/avr5\libgcc.a(_fpcmp_parts_sf.o)

.debug_frame    0x00000000      0x160
 *(.debug_frame)
 .debug_frame   0x00000000       0x20 d:/phlimon/imt/imt materials/00- tools/imt_tools_x64/imt_sdk_win_64/winavr/bin/../lib/gcc/avr/4.3.3/avr5\libgcc.a(_fixunssfsi.o)
 .debug_frame   0x00000020       0x40 d:/phlimon/imt/imt materials/00- tools/imt_tools_x64/imt_sdk_win_64/winavr/bin/../lib/gcc/avr/4.3.3/avr5\libgcc.a(_addsub_sf.o)
 .debug_frame   0x00000060       0x20 d:/phlimon/imt/imt materials/00- tools/imt_tools_x64/imt_sdk_win_64/winavr/bin/../lib/gcc/avr/4.3.3/avr5\libgcc.a(_mul_sf.o)
 .debug_frame   0x00000080       0x20 d:/phlimon/imt/imt materials/00- tools/imt_tools_x64/imt_sdk_win_64/winavr/bin/../lib/gcc/avr/4.3.3/avr5\libgcc.a(_gt_sf.o)
 .debug_frame   0x000000a0       0x20 d:/phlimon/imt/imt materials/00- tools/imt_tools_x64/imt_sdk_win_64/winavr/bin/../lib/gcc/avr/4.3.3/avr5\libgcc.a(_ge_sf.o)
 .debug_frame   0x000000c0       0x20 d:/phlimon/imt/imt materials/00- tools/imt_tools_x64/imt_sdk_win_64/winavr/bin/../lib/gcc/avr/4.3.3/avr5\libgcc.a(_lt_sf.o)
 .debug_frame   0x000000e0       0x20 d:/phlimon/imt/imt materials/00- tools/imt_tools_x64/imt_sdk_win_64/winavr/bin/../lib/gcc/avr/4.3.3/avr5\libgcc.a(_sf_to_si.o)
 .debug_frame   0x00000100       0x20 d:/phlimon/imt/imt materials/00- tools/imt_tools_x64/imt_sdk_win_64/winavr/bin/../lib/gcc/avr/4.3.3/avr5\libgcc.a(_pack_sf.o)
 .debug_frame   0x00000120       0x20 d:/phlimon/imt/imt materials/00- tools/imt_tools_x64/imt_sdk_win_64/winavr/bin/../lib/gcc/avr/4.3.3/avr5\libgcc.a(_unpack_sf.o)
 .debug_frame   0x00000140       0x20 d:/phlimon/imt/imt materials/00- tools/imt_tools_x64/imt_sdk_win_64/winavr/bin/../lib/gcc/avr/4.3.3/avr5\libgcc.a(_fpcmp_parts_sf.o)

.debug_str      0x00000000      0x28d
 *(.debug_str)
 .debug_str     0x00000000       0xbf d:/phlimon/imt/imt materials/00- tools/imt_tools_x64/imt_sdk_win_64/winavr/bin/../lib/gcc/avr/4.3.3/avr5\libgcc.a(_fixunssfsi.o)
                                 0xfe (size before relaxing)
 .debug_str     0x000000bf      0x14d d:/phlimon/imt/imt materials/00- tools/imt_tools_x64/imt_sdk_win_64/winavr/bin/../lib/gcc/avr/4.3.3/avr5\libgcc.a(_addsub_sf.o)
                                0x206 (size before relaxing)
 .debug_str     0x0000020c       0x27 d:/phlimon/imt/imt materials/00- tools/imt_tools_x64/imt_sdk_win_64/winavr/bin/../lib/gcc/avr/4.3.3/avr5\libgcc.a(_mul_sf.o)
                                0x1bf (size before relaxing)
 .debug_str     0x00000233        0xf d:/phlimon/imt/imt materials/00- tools/imt_tools_x64/imt_sdk_win_64/winavr/bin/../lib/gcc/avr/4.3.3/avr5\libgcc.a(_gt_sf.o)
                                0x195 (size before relaxing)
 .debug_str     0x00000242        0x8 d:/phlimon/imt/imt materials/00- tools/imt_tools_x64/imt_sdk_win_64/winavr/bin/../lib/gcc/avr/4.3.3/avr5\libgcc.a(_ge_sf.o)
                                0x195 (size before relaxing)
 .debug_str     0x0000024a        0x8 d:/phlimon/imt/imt materials/00- tools/imt_tools_x64/imt_sdk_win_64/winavr/bin/../lib/gcc/avr/4.3.3/avr5\libgcc.a(_lt_sf.o)
                                0x195 (size before relaxing)
 .debug_str     0x00000252        0xa d:/phlimon/imt/imt materials/00- tools/imt_tools_x64/imt_sdk_win_64/winavr/bin/../lib/gcc/avr/4.3.3/avr5\libgcc.a(_sf_to_si.o)
                                0x19e (size before relaxing)
 .debug_str     0x00000000      0x103 d:/phlimon/imt/imt materials/00- tools/imt_tools_x64/imt_sdk_win_64/winavr/bin/../lib/gcc/avr/4.3.3/avr5\libgcc.a(_thenan_sf.o)
 .debug_str     0x0000025c       0x16 d:/phlimon/imt/imt materials/00- tools/imt_tools_x64/imt_sdk_win_64/winavr/bin/../lib/gcc/avr/4.3.3/avr5\libgcc.a(_pack_sf.o)
                                0x19d (size before relaxing)
 .debug_str     0x00000272        0xb d:/phlimon/imt/imt materials/00- tools/imt_tools_x64/imt_sdk_win_64/winavr/bin/../lib/gcc/avr/4.3.3/avr5\libgcc.a(_unpack_sf.o)
                                0x17f (size before relaxing)
 .debug_str     0x0000027d       0x10 d:/phlimon/imt/imt materials/00- tools/imt_tools_x64/imt_sdk_win_64/winavr/bin/../lib/gcc/avr/4.3.3/avr5\libgcc.a(_fpcmp_parts_sf.o)
                                0x163 (size before relaxing)

.debug_loc      0x00000000      0x7ce
 *(.debug_loc)
 .debug_loc     0x00000000       0x34 d:/phlimon/imt/imt materials/00- tools/imt_tools_x64/imt_sdk_win_64/winavr/bin/../lib/gcc/avr/4.3.3/avr5\libgcc.a(_fixunssfsi.o)
 .debug_loc     0x00000034      0x32a d:/phlimon/imt/imt materials/00- tools/imt_tools_x64/imt_sdk_win_64/winavr/bin/../lib/gcc/avr/4.3.3/avr5\libgcc.a(_addsub_sf.o)
 .debug_loc     0x0000035e      0x104 d:/phlimon/imt/imt materials/00- tools/imt_tools_x64/imt_sdk_win_64/winavr/bin/../lib/gcc/avr/4.3.3/avr5\libgcc.a(_mul_sf.o)
 .debug_loc     0x00000462       0x3c d:/phlimon/imt/imt materials/00- tools/imt_tools_x64/imt_sdk_win_64/winavr/bin/../lib/gcc/avr/4.3.3/avr5\libgcc.a(_gt_sf.o)
 .debug_loc     0x0000049e       0x3c d:/phlimon/imt/imt materials/00- tools/imt_tools_x64/imt_sdk_win_64/winavr/bin/../lib/gcc/avr/4.3.3/avr5\libgcc.a(_ge_sf.o)
 .debug_loc     0x000004da       0x3c d:/phlimon/imt/imt materials/00- tools/imt_tools_x64/imt_sdk_win_64/winavr/bin/../lib/gcc/avr/4.3.3/avr5\libgcc.a(_lt_sf.o)
 .debug_loc     0x00000516       0x7e d:/phlimon/imt/imt materials/00- tools/imt_tools_x64/imt_sdk_win_64/winavr/bin/../lib/gcc/avr/4.3.3/avr5\libgcc.a(_sf_to_si.o)
 .debug_loc     0x00000594      0x13e d:/phlimon/imt/imt materials/00- tools/imt_tools_x64/imt_sdk_win_64/winavr/bin/../lib/gcc/avr/4.3.3/avr5\libgcc.a(_pack_sf.o)
 .debug_loc     0x000006d2       0xac d:/phlimon/imt/imt materials/00- tools/imt_tools_x64/imt_sdk_win_64/winavr/bin/../lib/gcc/avr/4.3.3/avr5\libgcc.a(_unpack_sf.o)
 .debug_loc     0x0000077e       0x50 d:/phlimon/imt/imt materials/00- tools/imt_tools_x64/imt_sdk_win_64/winavr/bin/../lib/gcc/avr/4.3.3/avr5\libgcc.a(_fpcmp_parts_sf.o)

.debug_macinfo
 *(.debug_macinfo)
OUTPUT(LM35_IOT_ESP.elf elf32-avr)
LOAD linker stubs

.debug_ranges   0x00000000       0x50
 .debug_ranges  0x00000000       0x50 d:/phlimon/imt/imt materials/00- tools/imt_tools_x64/imt_sdk_win_64/winavr/bin/../lib/gcc/avr/4.3.3/avr5\libgcc.a(_mul_sf.o)
